Collecting pbr>=5.8.0 (from -r requirements.txt (line 5))
  Downloading pbr-7.0.0-py2.py3-none-any.whl.metadata (1.4 kB)
Collecting SQLAlchemy>=1.4.13 (from -r requirements.txt (line 6))
  Downloading SQLAlchemy-2.0.38-cp312-cp312-macosx_11_0_arm64.whl.metadata (9.6 kB)
Collecting decorator>=4.1.0 (from -r requirements.txt (line 7))
  Downloading decorator-5.1.1-py3-none-any.whl.metadata (4.0 kB)
Collecting eventlet>=0.30.1 (from -r requirements.txt (line 8))
  Downloading eventlet-0.39.0-py3-none-any.whl.metadata (5.5 kB)
Collecting Jinja2>=2.10 (from -r requirements.txt (line 9))
  Downloading jinja2-3.1.5-py3-none-any.whl.metadata (2.6 kB)
Collecting keystonemiddleware>=4.20.0 (from -r requirements.txt (line 10))
  Downloading keystonemiddleware-10.9.1-py3-none-any.whl.metadata (4.1 kB)
Collecting lxml>=4.5.0 (from -r requirements.txt (line 11))
  Downloading lxml-5.3.1-cp312-cp312-macosx_10_9_universal2.whl.metadata (3.7 kB)
Collecting Routes>=2.3.1 (from -r requirements.txt (line 12))
  Downloading Routes-2.5.1-py2.py3-none-any.whl.metadata (25 kB)
Collecting cryptography>=2.7 (from -r requirements.txt (line 13))
  Downloading cryptography-43.0.3-cp39-abi3-macosx_10_9_universal2.whl.metadata (5.4 kB)
Collecting WebOb>=1.8.2 (from -r requirements.txt (line 14))
  Downloading WebOb-1.8.9-py2.py3-none-any.whl.metadata (11 kB)
Collecting greenlet>=0.4.15 (from -r requirements.txt (line 15))
  Downloading greenlet-3.1.1-cp312-cp312-macosx_11_0_universal2.whl.metadata (3.8 kB)
Collecting PasteDeploy>=1.5.0 (from -r requirements.txt (line 16))
  Downloading PasteDeploy-3.1.0-py3-none-any.whl.metadata (2.7 kB)
Collecting Paste>=2.0.2 (from -r requirements.txt (line 17))
  Downloading Paste-3.10.1-py3-none-any.whl.metadata (5.3 kB)
Collecting PrettyTable>=0.7.1 (from -r requirements.txt (line 18))
  Downloading prettytable-3.14.0-py3-none-any.whl.metadata (30 kB)
Collecting alembic>=1.5.0 (from -r requirements.txt (line 19))
  Downloading alembic-1.14.1-py3-none-any.whl.metadata (7.4 kB)
Collecting netaddr>=0.7.18 (from -r requirements.txt (line 20))
  Downloading netaddr-1.3.0-py3-none-any.whl.metadata (5.0 kB)
Collecting paramiko>=2.7.1 (from -r requirements.txt (line 21))
  Downloading paramiko-3.5.1-py3-none-any.whl.metadata (4.6 kB)
Collecting iso8601>=0.1.11 (from -r requirements.txt (line 22))
  Downloading iso8601-2.1.0-py3-none-any.whl.metadata (3.7 kB)
Collecting jsonschema>=4.0.0 (from -r requirements.txt (line 23))
  Downloading jsonschema-4.23.0-py3-none-any.whl.metadata (7.9 kB)
Collecting python-cinderclient>=4.0.1 (from -r requirements.txt (line 24))
  Downloading python_cinderclient-9.7.0-py3-none-any.whl.metadata (19 kB)
Collecting keystoneauth1>=3.16.0 (from -r requirements.txt (line 25))
  Downloading keystoneauth1-5.10.0-py3-none-any.whl.metadata (4.0 kB)
Collecting python-neutronclient>=7.1.0 (from -r requirements.txt (line 26))
  Downloading python_neutronclient-11.4.1-py3-none-any.whl.metadata (3.5 kB)
Collecting python-glanceclient>=2.8.0 (from -r requirements.txt (line 27))
  Downloading python_glanceclient-4.8.0-py3-none-any.whl.metadata (3.9 kB)
Collecting requests>=2.25.1 (from -r requirements.txt (line 28))
  Using cached requests-2.32.3-py3-none-any.whl.metadata (4.6 kB)
Collecting stevedore>=1.20.0 (from -r requirements.txt (line 29))
  Downloading stevedore-5.4.1-py3-none-any.whl.metadata (2.3 kB)
Collecting websockify>=0.9.0 (from -r requirements.txt (line 30))
  Downloading websockify-0.12.0-py3-none-any.whl.metadata (13 kB)
Collecting oslo.cache>=1.26.0 (from -r requirements.txt (line 31))
  Downloading oslo_cache-3.10.2-py3-none-any.whl.metadata (3.2 kB)
Collecting oslo.concurrency>=5.0.1 (from -r requirements.txt (line 32))
  Downloading oslo.concurrency-7.1.0-py3-none-any.whl.metadata (2.4 kB)
Collecting oslo.config>=8.6.0 (from -r requirements.txt (line 33))
  Downloading oslo_config-9.7.2-py3-none-any.whl.metadata (3.0 kB)
Collecting oslo.context>=3.4.0 (from -r requirements.txt (line 34))
  Downloading oslo.context-5.7.1-py3-none-any.whl.metadata (2.1 kB)
Collecting oslo.log>=4.6.1 (from -r requirements.txt (line 35))
  Downloading oslo.log-7.1.0-py3-none-any.whl.metadata (2.8 kB)
Collecting oslo.limit>=1.5.0 (from -r requirements.txt (line 36))
  Downloading oslo.limit-2.6.1-py3-none-any.whl.metadata (2.1 kB)
Collecting oslo.reports>=1.18.0 (from -r requirements.txt (line 37))
  Downloading oslo.reports-3.5.1-py3-none-any.whl.metadata (4.1 kB)
Collecting oslo.serialization>=4.2.0 (from -r requirements.txt (line 38))
  Downloading oslo.serialization-5.7.0-py3-none-any.whl.metadata (2.1 kB)
Collecting oslo.upgradecheck>=1.3.0 (from -r requirements.txt (line 39))
  Downloading oslo.upgradecheck-2.5.0-py3-none-any.whl.metadata (1.7 kB)
Collecting oslo.utils>=8.0.0 (from -r requirements.txt (line 40))
  Downloading oslo.utils-8.2.0-py3-none-any.whl.metadata (2.2 kB)
Collecting oslo.db>=10.0.0 (from -r requirements.txt (line 41))
  Downloading oslo.db-17.2.1-py3-none-any.whl.metadata (3.0 kB)
Collecting oslo.rootwrap>=5.15.0 (from -r requirements.txt (line 42))
  Downloading oslo.rootwrap-7.5.1-py3-none-any.whl.metadata (2.0 kB)
Collecting oslo.messaging>=14.1.0 (from -r requirements.txt (line 43))
  Downloading oslo_messaging-16.1.2-py3-none-any.whl.metadata (3.3 kB)
Collecting oslo.policy>=4.5.0 (from -r requirements.txt (line 44))
  Downloading oslo.policy-4.5.1-py3-none-any.whl.metadata (2.1 kB)
Collecting oslo.privsep>=2.6.2 (from -r requirements.txt (line 45))
  Downloading oslo.privsep-3.6.0-py3-none-any.whl.metadata (2.6 kB)
Collecting oslo.i18n>=5.1.0 (from -r requirements.txt (line 46))
  Downloading oslo.i18n-6.5.1-py3-none-any.whl.metadata (2.1 kB)
Collecting oslo.service>=2.8.0 (from -r requirements.txt (line 47))
  Downloading oslo_service-4.1.2-py3-none-any.whl.metadata (2.8 kB)
Collecting rfc3986>=1.2.0 (from -r requirements.txt (line 48))
  Downloading rfc3986-2.0.0-py2.py3-none-any.whl.metadata (6.6 kB)
Collecting oslo.middleware>=3.31.0 (from -r requirements.txt (line 49))
  Downloading oslo.middleware-6.3.1-py3-none-any.whl.metadata (2.2 kB)
Collecting psutil>=3.2.2 (from -r requirements.txt (line 50))
  Downloading psutil-7.0.0-cp36-abi3-macosx_11_0_arm64.whl.metadata (22 kB)
Collecting oslo.versionedobjects>=1.35.0 (from -r requirements.txt (line 51))
  Downloading oslo.versionedobjects-3.6.0-py3-none-any.whl.metadata (2.7 kB)
Collecting os-brick>=6.10.0 (from -r requirements.txt (line 52))
  Downloading os_brick-6.11.1-py3-none-any.whl.metadata (2.9 kB)
Collecting os-resource-classes>=1.1.0 (from -r requirements.txt (line 53))
  Downloading os_resource_classes-1.1.0-py3-none-any.whl.metadata (1.9 kB)
Collecting os-traits>=3.3.0 (from -r requirements.txt (line 54))
  Downloading os_traits-3.3.0-py3-none-any.whl.metadata (1.7 kB)
Collecting os-vif>=3.1.0 (from -r requirements.txt (line 55))
  Downloading os_vif-4.1.0-py3-none-any.whl.metadata (2.3 kB)
Collecting castellan>=0.16.0 (from -r requirements.txt (line 56))
  Downloading castellan-5.2.1-py3-none-any.whl.metadata (1.9 kB)
Collecting microversion-parse>=0.2.1 (from -r requirements.txt (line 57))
  Downloading microversion_parse-2.0.0-py3-none-any.whl.metadata (5.1 kB)
Collecting tooz>=1.58.0 (from -r requirements.txt (line 58))
  Downloading tooz-6.3.0-py3-none-any.whl.metadata (3.2 kB)
Collecting cursive>=0.2.1 (from -r requirements.txt (line 59))
  Downloading cursive-0.2.3-py2.py3-none-any.whl.metadata (1.7 kB)
Collecting retrying>=1.3.3 (from -r requirements.txt (line 60))
  Downloading retrying-1.3.4-py3-none-any.whl.metadata (6.9 kB)
Collecting os-service-types>=1.7.0 (from -r requirements.txt (line 61))
  Downloading os_service_types-1.7.0-py2.py3-none-any.whl.metadata (1.7 kB)
Collecting python-dateutil>=2.7.0 (from -r requirements.txt (line 62))
  Using cached python_dateutil-2.9.0.post0-py2.py3-none-any.whl.metadata (8.4 kB)
Collecting futurist>=1.8.0 (from -r requirements.txt (line 63))
  Downloading futurist-3.1.0-py3-none-any.whl.metadata (2.2 kB)
Collecting openstacksdk>=4.4.0 (from -r requirements.txt (line 64))
  Downloading openstacksdk-4.4.0-py3-none-any.whl.metadata (12 kB)
Collecting PyYAML>=5.1 (from -r requirements.txt (line 65))
  Downloading PyYAML-6.0.2-cp312-cp312-macosx_11_0_arm64.whl.metadata (2.1 kB)
Collecting hacking==6.1.0 (from -r test-requirements.txt (line 1))
  Downloading hacking-6.1.0-py3-none-any.whl.metadata (7.0 kB)
Collecting coverage>=4.4.1 (from -r test-requirements.txt (line 2))
  Downloading coverage-7.6.12-cp312-cp312-macosx_11_0_arm64.whl.metadata (8.5 kB)
Collecting ddt>=1.2.1 (from -r test-requirements.txt (line 3))
  Downloading ddt-1.7.2-py2.py3-none-any.whl.metadata (832 bytes)
Collecting fixtures>=3.0.0 (from -r test-requirements.txt (line 4))
  Downloading fixtures-4.2.4.post1-py3-none-any.whl.metadata (22 kB)
Collecting psycopg2-binary>=2.8 (from -r test-requirements.txt (line 5))
  Downloading psycopg2_binary-2.9.10-cp312-cp312-macosx_14_0_arm64.whl.metadata (4.9 kB)
Collecting PyMySQL>=0.8.0 (from -r test-requirements.txt (line 6))
  Downloading PyMySQL-1.1.1-py3-none-any.whl.metadata (4.4 kB)
Collecting python-barbicanclient>=4.5.2 (from -r test-requirements.txt (line 7))
  Downloading python_barbicanclient-7.1.0-py3-none-any.whl.metadata (11 kB)
Collecting requests-mock>=1.2.0 (from -r test-requirements.txt (line 8))
  Downloading requests_mock-1.12.1-py2.py3-none-any.whl.metadata (4.1 kB)
Collecting oslotest>=3.8.0 (from -r test-requirements.txt (line 9))
  Downloading oslotest-5.0.0-py3-none-any.whl.metadata (1.8 kB)
Collecting stestr>=2.0.0 (from -r test-requirements.txt (line 10))
  Downloading stestr-4.1.0-py3-none-any.whl.metadata (8.1 kB)
Collecting osprofiler>=1.4.0 (from -r test-requirements.txt (line 11))
  Downloading osprofiler-4.2.0-py3-none-any.whl.metadata (4.1 kB)
Collecting testresources>=2.0.0 (from -r test-requirements.txt (line 12))
  Downloading testresources-2.0.1-py2.py3-none-any.whl.metadata (11 kB)
Collecting testscenarios>=0.4 (from -r test-requirements.txt (line 13))
  Downloading testscenarios-0.5.0-py2.py3-none-any.whl.metadata (12 kB)
Collecting testtools>=2.5.0 (from -r test-requirements.txt (line 14))
  Downloading testtools-2.7.2-py3-none-any.whl.metadata (5.2 kB)
Collecting bandit>=1.1.0 (from -r test-requirements.txt (line 15))
  Downloading bandit-1.9.4-py3-none-any.whl.metadata (7.1 kB)
Collecting gabbi>=1.35.0 (from -r test-requirements.txt (line 16))
  Downloading gabbi-3.1.0-py3-none-any.whl.metadata (5.1 kB)
Collecting wsgi-intercept>=1.7.0 (from -r test-requirements.txt (line 17))
  Downloading wsgi_intercept-1.13.1-py2.py3-none-any.whl.metadata (6.6 kB)
Collecting flake8~=6.1.0 (from hacking==6.1.0->-r test-requirements.txt (line 1))
  Downloading flake8-6.1.0-py2.py3-none-any.whl.metadata (3.8 kB)
Collecting mccabe<0.8.0,>=0.7.0 (from flake8~=6.1.0->hacking==6.1.0->-r test-requirements.txt (line 1))
  Downloading mccabe-0.7.0-py2.py3-none-any.whl.metadata (5.0 kB)
Collecting pycodestyle<2.12.0,>=2.11.0 (from flake8~=6.1.0->hacking==6.1.0->-r test-requirements.txt (line 1))
  Downloading pycodestyle-2.11.1-py2.py3-none-any.whl.metadata (4.5 kB)
Collecting pyflakes<3.2.0,>=3.1.0 (from flake8~=6.1.0->hacking==6.1.0->-r test-requirements.txt (line 1))
  Downloading pyflakes-3.1.0-py2.py3-none-any.whl.metadata (3.5 kB)
Collecting setuptools (from pbr>=5.8.0->-r requirements.txt (line 5))
  Using cached setuptools-84.0.0-py3-none-any.whl.metadata (6.6 kB)
Collecting typing-extensions>=4.6.0 (from SQLAlchemy>=1.4.13->-r requirements.txt (line 6))
  Using cached typing_extensions-4.12.2-py3-none-any.whl.metadata (3.0 kB)
Collecting dnspython>=1.15.0 (from eventlet>=0.30.1->-r requirements.txt (line 8))
  Downloading dnspython-2.7.0-py3-none-any.whl.metadata (5.8 kB)
Collecting MarkupSafe>=2.0 (from Jinja2>=2.10->-r requirements.txt (line 9))
  Downloading MarkupSafe-3.0.2-cp312-cp312-macosx_11_0_arm64.whl.metadata (4.0 kB)
Collecting pycadf>=1.1.0 (from keystonemiddleware>=4.20.0->-r requirements.txt (line 10))
  Downloading pycadf-4.0.1-py3-none-any.whl.metadata (2.2 kB)
Collecting PyJWT>=2.4.0 (from keystonemiddleware>=4.20.0->-r requirements.txt (line 10))
  Downloading PyJWT-2.10.1-py3-none-any.whl.metadata (4.0 kB)
Collecting python-keystoneclient>=3.20.0 (from keystonemiddleware>=4.20.0->-r requirements.txt (line 10))
  Downloading python_keystoneclient-5.6.0-py3-none-any.whl.metadata (3.7 kB)
Collecting six (from Routes>=2.3.1->-r requirements.txt (line 12))
  Downloading six-1.17.0-py2.py3-none-any.whl.metadata (1.7 kB)
Collecting repoze.lru>=0.3 (from Routes>=2.3.1->-r requirements.txt (line 12))
  Downloading repoze.lru-0.7-py3-none-any.whl.metadata (1.1 kB)
Collecting cffi>=1.12 (from cryptography>=2.7->-r requirements.txt (line 13))
  Downloading cffi-1.17.1-cp312-cp312-macosx_11_0_arm64.whl.metadata (1.5 kB)
Collecting wcwidth (from PrettyTable>=0.7.1->-r requirements.txt (line 18))
  Downloading wcwidth-0.2.13-py2.py3-none-any.whl.metadata (14 kB)
Collecting Mako (from alembic>=1.5.0->-r requirements.txt (line 19))
  Downloading Mako-1.3.9-py3-none-any.whl.metadata (2.9 kB)
Collecting bcrypt>=3.2 (from paramiko>=2.7.1->-r requirements.txt (line 21))
  Downloading bcrypt-4.0.1-cp36-abi3-macosx_10_10_universal2.whl.metadata (9.0 kB)
Collecting pynacl>=1.5 (from paramiko>=2.7.1->-r requirements.txt (line 21))
  Downloading PyNaCl-1.5.0-cp36-abi3-macosx_10_10_universal2.whl.metadata (8.7 kB)
Collecting attrs>=22.2.0 (from jsonschema>=4.0.0->-r requirements.txt (line 23))
  Downloading attrs-25.1.0-py3-none-any.whl.metadata (10 kB)
Collecting jsonschema-specifications>=2023.03.6 (from jsonschema>=4.0.0->-r requirements.txt (line 23))
  Downloading jsonschema_specifications-2024.10.1-py3-none-any.whl.metadata (3.0 kB)
Collecting referencing>=0.28.4 (from jsonschema>=4.0.0->-r requirements.txt (line 23))
  Downloading referencing-0.36.2-py3-none-any.whl.metadata (2.8 kB)
Collecting rpds-py>=0.7.1 (from jsonschema>=4.0.0->-r requirements.txt (line 23))
  Downloading rpds_py-0.23.1-cp312-cp312-macosx_11_0_arm64.whl.metadata (4.1 kB)
Collecting cliff>=3.4.0 (from python-neutronclient>=7.1.0->-r requirements.txt (line 26))
  Downloading cliff-4.9.1-py3-none-any.whl.metadata (2.1 kB)
Collecting debtcollector>=1.2.0 (from python-neutronclient>=7.1.0->-r requirements.txt (line 26))
  Downloading debtcollector-3.0.0-py3-none-any.whl.metadata (2.3 kB)
Collecting osc-lib>=1.12.0 (from python-neutronclient>=7.1.0->-r requirements.txt (line 26))
  Downloading osc_lib-3.2.0-py3-none-any.whl.metadata (3.6 kB)
Collecting os-client-config>=1.28.0 (from python-neutronclient>=7.1.0->-r requirements.txt (line 26))
  Downloading os_client_config-2.1.0-py3-none-any.whl.metadata (2.2 kB)
Collecting warlock>=1.2.0 (from python-glanceclient>=2.8.0->-r requirements.txt (line 27))
  Downloading warlock-2.0.1-py3-none-any.whl.metadata (3.9 kB)
Collecting wrapt>=1.7.0 (from python-glanceclient>=2.8.0->-r requirements.txt (line 27))
  Downloading wrapt-1.17.2-cp312-cp312-macosx_11_0_arm64.whl.metadata (6.4 kB)
Collecting pyOpenSSL>=17.1.0 (from python-glanceclient>=2.8.0->-r requirements.txt (line 27))
  Downloading pyOpenSSL-24.2.1-py3-none-any.whl.metadata (13 kB)
Collecting charset-normalizer<4,>=2 (from requests>=2.25.1->-r requirements.txt (line 28))
  Downloading charset_normalizer-3.4.1-cp312-cp312-macosx_10_13_universal2.whl.metadata (35 kB)
Collecting idna<4,>=2.5 (from requests>=2.25.1->-r requirements.txt (line 28))
  Using cached idna-3.10-py3-none-any.whl.metadata (10 kB)
Collecting urllib3<3,>=1.21.1 (from requests>=2.25.1->-r requirements.txt (line 28))
  Downloading urllib3-1.26.20-py2.py3-none-any.whl.metadata (50 kB)
Collecting certifi>=2017.4.17 (from requests>=2.25.1->-r requirements.txt (line 28))
  Downloading certifi-2026.7.22-py3-none-any.whl.metadata (2.5 kB)
Collecting numpy (from websockify>=0.9.0->-r requirements.txt (line 30))
  Downloading numpy-2.2.3-cp312-cp312-macosx_14_0_arm64.whl.metadata (62 kB)
Collecting jwcrypto (from websockify>=0.9.0->-r requirements.txt (line 30))
  Downloading jwcrypto-1.5.6-py3-none-any.whl.metadata (3.1 kB)
Collecting redis (from websockify>=0.9.0->-r requirements.txt (line 30))
  Downloading redis-5.2.1-py3-none-any.whl.metadata (9.1 kB)
Collecting dogpile.cache>=1.3.3 (from oslo.cache>=1.26.0->-r requirements.txt (line 31))
  Downloading dogpile.cache-1.3.4-py3-none-any.whl.metadata (5.5 kB)
Collecting fasteners>=0.7.0 (from oslo.concurrency>=5.0.1->-r requirements.txt (line 32))
  Downloading fasteners-0.19-py3-none-any.whl.metadata (4.9 kB)
Collecting msgpack>=0.5.2 (from oslo.serialization>=4.2.0->-r requirements.txt (line 38))
  Downloading msgpack-1.1.0-cp312-cp312-macosx_11_0_arm64.whl.metadata (8.4 kB)
Collecting tzdata>=2022.4 (from oslo.serialization>=4.2.0->-r requirements.txt (line 38))
  Downloading tzdata-2025.1-py2.py3-none-any.whl.metadata (1.4 kB)
Collecting pyparsing>=2.1.0 (from oslo.utils>=8.0.0->-r requirements.txt (line 40))
  Downloading pyparsing-3.2.1-py3-none-any.whl.metadata (5.0 kB)
Collecting packaging>=20.4 (from oslo.utils>=8.0.0->-r requirements.txt (line 40))
  Downloading packaging-24.2-py3-none-any.whl.metadata (3.2 kB)
Collecting cachetools>=2.0.0 (from oslo.messaging>=14.1.0->-r requirements.txt (line 43))
  Downloading cachetools-5.5.2-py3-none-any.whl.metadata (5.4 kB)
Collecting amqp>=2.5.2 (from oslo.messaging>=14.1.0->-r requirements.txt (line 43))
  Downloading amqp-5.3.1-py3-none-any.whl.metadata (8.9 kB)
Collecting kombu>=4.6.6 (from oslo.messaging>=14.1.0->-r requirements.txt (line 43))
  Downloading kombu-5.4.2-py3-none-any.whl.metadata (3.2 kB)
Collecting oslo.metrics>=0.2.1 (from oslo.messaging>=14.1.0->-r requirements.txt (line 43))
  Downloading oslo.metrics-0.11.0-py3-none-any.whl.metadata (1.3 kB)
Collecting Yappi>=1.0 (from oslo.service>=2.8.0->-r requirements.txt (line 47))
  Downloading yappi-1.6.10.tar.gz (59 kB)
  Installing build dependencies: started
  Installing build dependencies: finished with status 'done'
  Getting requirements to build wheel: started
  Getting requirements to build wheel: finished with status 'done'
  Preparing metadata (pyproject.toml): started
  Preparing metadata (pyproject.toml): finished with status 'done'
Collecting statsd>=3.2.1 (from oslo.middleware>=3.31.0->-r requirements.txt (line 49))
  Downloading statsd-4.0.1-py2.py3-none-any.whl.metadata (2.9 kB)
Collecting tenacity>=6.3.1 (from os-brick>=6.10.0->-r requirements.txt (line 52))
  Downloading tenacity-9.0.0-py3-none-any.whl.metadata (1.2 kB)
Collecting os-win>=5.7.0 (from os-brick>=6.10.0->-r requirements.txt (line 52))
  Downloading os_win-5.9.0-py3-none-any.whl.metadata (3.4 kB)
Collecting ovsdbapp>=0.12.1 (from os-vif>=3.1.0->-r requirements.txt (line 55))
  Downloading ovsdbapp-2.11.0-py3-none-any.whl.metadata (1.5 kB)
Collecting pyroute2>=0.5.2 (from os-vif>=3.1.0->-r requirements.txt (line 55))
  Downloading pyroute2-0.8.1-py3-none-any.whl.metadata (8.2 kB)
Collecting voluptuous>=0.8.9 (from tooz>=1.58.0->-r requirements.txt (line 58))
  Downloading voluptuous-0.15.2-py3-none-any.whl.metadata (20 kB)
Collecting jmespath>=0.9.0 (from openstacksdk>=4.4.0->-r requirements.txt (line 64))
  Downloading jmespath-1.0.1-py3-none-any.whl.metadata (7.6 kB)
Collecting jsonpatch!=1.20,>=1.16 (from openstacksdk>=4.4.0->-r requirements.txt (line 64))
  Downloading jsonpatch-1.33-py2.py3-none-any.whl.metadata (3.0 kB)
Collecting platformdirs>=3 (from openstacksdk>=4.4.0->-r requirements.txt (line 64))
  Downloading platformdirs-4.3.6-py3-none-any.whl.metadata (11 kB)
Collecting requestsexceptions>=1.2.0 (from openstacksdk>=4.4.0->-r requirements.txt (line 64))
  Downloading requestsexceptions-1.4.0-py2.py3-none-any.whl.metadata (1.2 kB)
Collecting python-subunit>=1.0.0 (from oslotest>=3.8.0->-r test-requirements.txt (line 9))
  Downloading python_subunit-1.4.4-py3-none-any.whl.metadata (22 kB)
Collecting tomlkit>=0.11.6 (from stestr>=2.0.0->-r test-requirements.txt (line 10))
  Downloading tomlkit-0.13.2-py3-none-any.whl.metadata (2.7 kB)
Collecting extras>=1.0.0 (from stestr>=2.0.0->-r test-requirements.txt (line 10))
  Downloading extras-1.0.0-py2.py3-none-any.whl.metadata (1.7 kB)
Collecting rich (from bandit>=1.1.0->-r test-requirements.txt (line 15))
  Downloading rich-13.9.4-py3-none-any.whl.metadata (18 kB)
Collecting pytest (from gabbi>=1.35.0->-r test-requirements.txt (line 16))
  Downloading pytest-8.3.4-py3-none-any.whl.metadata (7.5 kB)
Collecting jsonpath-rw-ext>=1.0.0 (from gabbi>=1.35.0->-r test-requirements.txt (line 16))
  Downloading jsonpath_rw_ext-1.2.2-py2.py3-none-any.whl.metadata (5.3 kB)
Collecting colorama (from gabbi>=1.35.0->-r test-requirements.txt (line 16))
  Using cached colorama-0.4.6-py2.py3-none-any.whl.metadata (17 kB)
Collecting vine<6.0.0,>=5.0.0 (from amqp>=2.5.2->oslo.messaging>=14.1.0->-r requirements.txt (line 43))
  Downloading vine-5.1.0-py3-none-any.whl.metadata (2.7 kB)
Collecting pycparser (from cffi>=1.12->cryptography>=2.7->-r requirements.txt (line 13))
  Downloading pycparser-2.22-py3-none-any.whl.metadata (943 bytes)
Collecting autopage>=0.4.0 (from cliff>=3.4.0->python-neutronclient>=7.1.0->-r requirements.txt (line 26))
  Downloading autopage-0.5.2-py3-none-any.whl.metadata (7.9 kB)
Collecting cmd2>=1.0.0 (from cliff>=3.4.0->python-neutronclient>=7.1.0->-r requirements.txt (line 26))
  Downloading cmd2-2.5.11-py3-none-any.whl.metadata (17 kB)
Collecting gnureadline>=8 (from cmd2>=1.0.0->cliff>=3.4.0->python-neutronclient>=7.1.0->-r requirements.txt (line 26))
  Downloading gnureadline-8.3.3-cp312-cp312-macosx_11_0_arm64.whl.metadata (12 kB)
Collecting pyperclip>=1.8 (from cmd2>=1.0.0->cliff>=3.4.0->python-neutronclient>=7.1.0->-r requirements.txt (line 26))
  Downloading pyperclip-1.9.0.tar.gz (20 kB)
  Installing build dependencies: started
  Installing build dependencies: finished with status 'done'
  Getting requirements to build wheel: started
  Getting requirements to build wheel: finished with status 'done'
  Preparing metadata (pyproject.toml): started
  Preparing metadata (pyproject.toml): finished with status 'done'
Collecting jsonpointer>=1.9 (from jsonpatch!=1.20,>=1.16->openstacksdk>=4.4.0->-r requirements.txt (line 64))
  Downloading jsonpointer-3.0.0-py2.py3-none-any.whl.metadata (2.3 kB)
Collecting jsonpath-rw>=1.2.0 (from jsonpath-rw-ext>=1.0.0->gabbi>=1.35.0->-r test-requirements.txt (line 16))
  Downloading jsonpath-rw-1.4.0.tar.gz (13 kB)
  Installing build dependencies: started
  Installing build dependencies: finished with status 'done'
  Getting requirements to build wheel: started
  Getting requirements to build wheel: finished with status 'done'
  Preparing metadata (pyproject.toml): started
  Preparing metadata (pyproject.toml): finished with status 'done'
Collecting ply (from jsonpath-rw>=1.2.0->jsonpath-rw-ext>=1.0.0->gabbi>=1.35.0->-r test-requirements.txt (line 16))
  Downloading ply-3.11-py2.py3-none-any.whl.metadata (844 bytes)
Collecting prometheus-client>=0.6.0 (from oslo.metrics>=0.2.1->oslo.messaging>=14.1.0->-r requirements.txt (line 43))
  Downloading prometheus_client-0.21.1-py3-none-any.whl.metadata (1.8 kB)
Collecting ovs>=2.10.0 (from ovsdbapp>=0.12.1->os-vif>=3.1.0->-r requirements.txt (line 55))
  Downloading ovs-3.5.0.tar.gz (156 kB)
  Installing build dependencies: started
  Installing build dependencies: finished with status 'done'
  Getting requirements to build wheel: started
  Getting requirements to build wheel: finished with status 'done'
  Preparing metadata (pyproject.toml): started
  Preparing metadata (pyproject.toml): finished with status 'done'
Collecting sortedcontainers (from ovs>=2.10.0->ovsdbapp>=0.12.1->os-vif>=3.1.0->-r requirements.txt (line 55))
  Downloading sortedcontainers-2.4.0-py2.py3-none-any.whl.metadata (10 kB)
Collecting iniconfig (from pytest->gabbi>=1.35.0->-r test-requirements.txt (line 16))
  Downloading iniconfig-2.0.0-py3-none-any.whl.metadata (2.6 kB)
Collecting pluggy<2,>=1.5 (from pytest->gabbi>=1.35.0->-r test-requirements.txt (line 16))
  Downloading pluggy-1.5.0-py3-none-any.whl.metadata (4.8 kB)
Collecting markdown-it-py>=2.2.0 (from rich->bandit>=1.1.0->-r test-requirements.txt (line 15))
  Downloading markdown_it_py-3.0.0-py3-none-any.whl.metadata (6.9 kB)
Collecting pygments<3.0.0,>=2.13.0 (from rich->bandit>=1.1.0->-r test-requirements.txt (line 15))
  Downloading pygments-2.19.1-py3-none-any.whl.metadata (2.5 kB)
Collecting mdurl~=0.1 (from markdown-it-py>=2.2.0->rich->bandit>=1.1.0->-r test-requirements.txt (line 15))
  Downloading mdurl-0.1.2-py3-none-any.whl.metadata (1.6 kB)
WARNING: The candidate selected for download or install is a yanked version: 'fixtures' candidate (version 4.2.4.post1 at https://files.pythonhosted.org/packages/75/d5/2757cabc34758fac81039d4fbcde11c91d3952d91e33f8d5c69ea8c74e0f/fixtures-4.2.4.post1-py3-none-any.whl (from https://pypi.org/simple/fixtures/) (requires-python:>=3.8))
Reason for being yanked: https://github.com/testing-cabal/fixtures/issues/103
Downloading hacking-6.1.0-py3-none-any.whl (42 kB)
Downloading flake8-6.1.0-py2.py3-none-any.whl (58 kB)
Downloading mccabe-0.7.0-py2.py3-none-any.whl (7.3 kB)
Downloading pycodestyle-2.11.1-py2.py3-none-any.whl (31 kB)
Downloading pyflakes-3.1.0-py2.py3-none-any.whl (62 kB)
Downloading pbr-7.0.0-py2.py3-none-any.whl (125 kB)
Downloading SQLAlchemy-2.0.38-cp312-cp312-macosx_11_0_arm64.whl (2.1 MB)
   ━━━━━━━━━━━━━━━━━━━━━━━━━━━━━━━━━━━━━━━━ 2.1/2.1 MB 2.5 MB/s  0:00:00
Downloading decorator-5.1.1-py3-none-any.whl (9.1 kB)
Downloading eventlet-0.39.0-py3-none-any.whl (363 kB)
Downloading jinja2-3.1.5-py3-none-any.whl (134 kB)
Downloading keystonemiddleware-10.9.1-py3-none-any.whl (152 kB)
Downloading lxml-5.3.1-cp312-cp312-macosx_10_9_universal2.whl (8.2 MB)
   ━━━━━━━━━━━━━━━━━━━━━━━━━━━━━━━━━━━━━━━━ 8.2/8.2 MB 6.6 MB/s  0:00:01
Downloading Routes-2.5.1-py2.py3-none-any.whl (40 kB)
Downloading cryptography-43.0.3-cp39-abi3-macosx_10_9_universal2.whl (6.2 MB)
   ━━━━━━━━━━━━━━━━━━━━━━━━━━━━━━━━━━━━━━━━ 6.2/6.2 MB 8.0 MB/s  0:00:00
Downloading WebOb-1.8.9-py2.py3-none-any.whl (115 kB)
Downloading greenlet-3.1.1-cp312-cp312-macosx_11_0_universal2.whl (274 kB)
Downloading PasteDeploy-3.1.0-py3-none-any.whl (16 kB)
Downloading Paste-3.10.1-py3-none-any.whl (289 kB)
Downloading prettytable-3.14.0-py3-none-any.whl (31 kB)
Downloading alembic-1.14.1-py3-none-any.whl (233 kB)
Downloading netaddr-1.3.0-py3-none-any.whl (2.3 MB)
   ━━━━━━━━━━━━━━━━━━━━━━━━━━━━━━━━━━━━━━━━ 2.3/2.3 MB 7.7 MB/s  0:00:00
Downloading paramiko-3.5.1-py3-none-any.whl (227 kB)
Downloading iso8601-2.1.0-py3-none-any.whl (7.5 kB)
Downloading jsonschema-4.23.0-py3-none-any.whl (88 kB)
Downloading python_cinderclient-9.7.0-py3-none-any.whl (256 kB)
Downloading keystoneauth1-5.10.0-py3-none-any.whl (344 kB)
Downloading python_neutronclient-11.4.1-py3-none-any.whl (295 kB)
Downloading python_glanceclient-4.8.0-py3-none-any.whl (206 kB)
Using cached requests-2.32.3-py3-none-any.whl (64 kB)
Downloading charset_normalizer-3.4.1-cp312-cp312-macosx_10_13_universal2.whl (196 kB)
Using cached idna-3.10-py3-none-any.whl (70 kB)
Downloading urllib3-1.26.20-py2.py3-none-any.whl (144 kB)
Downloading stevedore-5.4.1-py3-none-any.whl (49 kB)
Downloading websockify-0.12.0-py3-none-any.whl (40 kB)
Downloading oslo_cache-3.10.2-py3-none-any.whl (76 kB)
Downloading oslo.concurrency-7.1.0-py3-none-any.whl (47 kB)
Downloading oslo_config-9.7.2-py3-none-any.whl (131 kB)
Downloading oslo.context-5.7.1-py3-none-any.whl (20 kB)
Downloading oslo.log-7.1.0-py3-none-any.whl (73 kB)
Downloading oslo.limit-2.6.1-py3-none-any.whl (21 kB)
Downloading oslo.reports-3.5.1-py3-none-any.whl (53 kB)
Downloading oslo.serialization-5.7.0-py3-none-any.whl (25 kB)
Downloading oslo.upgradecheck-2.5.0-py3-none-any.whl (14 kB)
Downloading oslo.utils-8.2.0-py3-none-any.whl (134 kB)
Downloading oslo.db-17.2.1-py3-none-any.whl (156 kB)
Downloading oslo.rootwrap-7.5.1-py3-none-any.whl (38 kB)
Downloading oslo_messaging-16.1.2-py3-none-any.whl (203 kB)
Downloading oslo.policy-4.5.1-py3-none-any.whl (88 kB)
Downloading oslo.privsep-3.6.0-py3-none-any.whl (38 kB)
Downloading oslo.i18n-6.5.1-py3-none-any.whl (46 kB)
Downloading oslo_service-4.1.2-py3-none-any.whl (87 kB)
Downloading rfc3986-2.0.0-py2.py3-none-any.whl (31 kB)
Downloading oslo.middleware-6.3.1-py3-none-any.whl (64 kB)
Downloading psutil-7.0.0-cp36-abi3-macosx_11_0_arm64.whl (239 kB)
Downloading oslo.versionedobjects-3.6.0-py3-none-any.whl (86 kB)
Downloading os_brick-6.11.1-py3-none-any.whl (312 kB)
Downloading os_resource_classes-1.1.0-py3-none-any.whl (11 kB)
Downloading os_traits-3.3.0-py3-none-any.whl (42 kB)
Downloading os_vif-4.1.0-py3-none-any.whl (110 kB)
Downloading castellan-5.2.1-py3-none-any.whl (99 kB)
Downloading microversion_parse-2.0.0-py3-none-any.whl (19 kB)
Downloading tooz-6.3.0-py3-none-any.whl (91 kB)
Downloading cursive-0.2.3-py2.py3-none-any.whl (43 kB)
Downloading retrying-1.3.4-py3-none-any.whl (11 kB)
Downloading os_service_types-1.7.0-py2.py3-none-any.whl (24 kB)
Using cached python_dateutil-2.9.0.post0-py2.py3-none-any.whl (229 kB)
Downloading futurist-3.1.0-py3-none-any.whl (37 kB)
Downloading openstacksdk-4.4.0-py3-none-any.whl (1.8 MB)
   ━━━━━━━━━━━━━━━━━━━━━━━━━━━━━━━━━━━━━━━━ 1.8/1.8 MB 2.9 MB/s  0:00:00
Downloading PyYAML-6.0.2-cp312-cp312-macosx_11_0_arm64.whl (173 kB)
Downloading coverage-7.6.12-cp312-cp312-macosx_11_0_arm64.whl (208 kB)
Downloading ddt-1.7.2-py2.py3-none-any.whl (7.1 kB)
Downloading fixtures-4.2.4.post1-py3-none-any.whl (64 kB)
Downloading psycopg2_binary-2.9.10-cp312-cp312-macosx_14_0_arm64.whl (3.3 MB)
   ━━━━━━━━━━━━━━━━━━━━━━━━━━━━━━━━━━━━━━━━ 3.3/3.3 MB 5.1 MB/s  0:00:00
Downloading PyMySQL-1.1.1-py3-none-any.whl (44 kB)
Downloading python_barbicanclient-7.1.0-py3-none-any.whl (88 kB)
Downloading requests_mock-1.12.1-py2.py3-none-any.whl (27 kB)
Downloading oslotest-5.0.0-py3-none-any.whl (33 kB)
Downloading stestr-4.1.0-py3-none-any.whl (117 kB)
Downloading osprofiler-4.2.0-py3-none-any.whl (95 kB)
Downloading testresources-2.0.1-py2.py3-none-any.whl (36 kB)
Downloading testscenarios-0.5.0-py2.py3-none-any.whl (21 kB)
Downloading testtools-2.7.2-py3-none-any.whl (179 kB)
Downloading bandit-1.9.4-py3-none-any.whl (134 kB)
Downloading gabbi-3.1.0-py3-none-any.whl (214 kB)
Downloading wsgi_intercept-1.13.1-py2.py3-none-any.whl (27 kB)
Downloading amqp-5.3.1-py3-none-any.whl (50 kB)
Downloading vine-5.1.0-py3-none-any.whl (9.6 kB)
Downloading attrs-25.1.0-py3-none-any.whl (63 kB)
Downloading bcrypt-4.0.1-cp36-abi3-macosx_10_10_universal2.whl (473 kB)
Downloading cachetools-5.5.2-py3-none-any.whl (10 kB)
Downloading certifi-2026.7.22-py3-none-any.whl (136 kB)
Downloading cffi-1.17.1-cp312-cp312-macosx_11_0_arm64.whl (178 kB)
Downloading cliff-4.9.1-py3-none-any.whl (84 kB)
Downloading autopage-0.5.2-py3-none-any.whl (30 kB)
Downloading cmd2-2.5.11-py3-none-any.whl (152 kB)
Downloading debtcollector-3.0.0-py3-none-any.whl (23 kB)
Downloading dnspython-2.7.0-py3-none-any.whl (313 kB)
Downloading dogpile.cache-1.3.4-py3-none-any.whl (62 kB)
Downloading extras-1.0.0-py2.py3-none-any.whl (7.3 kB)
Downloading fasteners-0.19-py3-none-any.whl (18 kB)
Downloading gnureadline-8.3.3-cp312-cp312-macosx_11_0_arm64.whl (166 kB)
Downloading jmespath-1.0.1-py3-none-any.whl (20 kB)
Downloading jsonpatch-1.33-py2.py3-none-any.whl (12 kB)
Downloading jsonpath_rw_ext-1.2.2-py2.py3-none-any.whl (19 kB)
Downloading jsonpointer-3.0.0-py2.py3-none-any.whl (7.6 kB)
Downloading jsonschema_specifications-2024.10.1-py3-none-any.whl (18 kB)
Downloading kombu-5.4.2-py3-none-any.whl (201 kB)
Downloading MarkupSafe-3.0.2-cp312-cp312-macosx_11_0_arm64.whl (12 kB)
Downloading msgpack-1.1.0-cp312-cp312-macosx_11_0_arm64.whl (82 kB)
Downloading os_client_config-2.1.0-py3-none-any.whl (31 kB)
Downloading os_win-5.9.0-py3-none-any.whl (274 kB)
Downloading osc_lib-3.2.0-py3-none-any.whl (89 kB)
Downloading oslo.metrics-0.11.0-py3-none-any.whl (13 kB)
Downloading ovsdbapp-2.11.0-py3-none-any.whl (143 kB)
Downloading packaging-24.2-py3-none-any.whl (65 kB)
Downloading platformdirs-4.3.6-py3-none-any.whl (18 kB)
Downloading prometheus_client-0.21.1-py3-none-any.whl (54 kB)
Downloading pycadf-4.0.1-py3-none-any.whl (44 kB)
Downloading PyJWT-2.10.1-py3-none-any.whl (22 kB)
Downloading PyNaCl-1.5.0-cp36-abi3-macosx_10_10_universal2.whl (349 kB)
Downloading pyOpenSSL-24.2.1-py3-none-any.whl (58 kB)
Downloading pyparsing-3.2.1-py3-none-any.whl (107 kB)
Downloading pyroute2-0.8.1-py3-none-any.whl (474 kB)
Downloading python_keystoneclient-5.6.0-py3-none-any.whl (397 kB)
Downloading python_subunit-1.4.4-py3-none-any.whl (104 kB)
Downloading referencing-0.36.2-py3-none-any.whl (26 kB)
Downloading repoze.lru-0.7-py3-none-any.whl (10 kB)
Downloading requestsexceptions-1.4.0-py2.py3-none-any.whl (3.8 kB)
Downloading rpds_py-0.23.1-cp312-cp312-macosx_11_0_arm64.whl (349 kB)
Downloading six-1.17.0-py2.py3-none-any.whl (11 kB)
Downloading statsd-4.0.1-py2.py3-none-any.whl (13 kB)
Downloading tenacity-9.0.0-py3-none-any.whl (28 kB)
Downloading tomlkit-0.13.2-py3-none-any.whl (37 kB)
Using cached typing_extensions-4.12.2-py3-none-any.whl (37 kB)
Downloading tzdata-2025.1-py2.py3-none-any.whl (346 kB)
Downloading voluptuous-0.15.2-py3-none-any.whl (31 kB)
Downloading warlock-2.0.1-py3-none-any.whl (9.8 kB)
Downloading wcwidth-0.2.13-py2.py3-none-any.whl (34 kB)
Downloading wrapt-1.17.2-cp312-cp312-macosx_11_0_arm64.whl (38 kB)
Using cached colorama-0.4.6-py2.py3-none-any.whl (25 kB)
Downloading jwcrypto-1.5.6-py3-none-any.whl (92 kB)
Downloading Mako-1.3.9-py3-none-any.whl (78 kB)
Downloading numpy-2.2.3-cp312-cp312-macosx_14_0_arm64.whl (5.1 MB)
   ━━━━━━━━━━━━━━━━━━━━━━━━━━━━━━━━━━━━━━━━ 5.1/5.1 MB 8.4 MB/s  0:00:00
Downloading ply-3.11-py2.py3-none-any.whl (49 kB)
Downloading pycparser-2.22-py3-none-any.whl (117 kB)
Downloading pytest-8.3.4-py3-none-any.whl (343 kB)
Downloading pluggy-1.5.0-py3-none-any.whl (20 kB)
Downloading iniconfig-2.0.0-py3-none-any.whl (5.9 kB)
Downloading redis-5.2.1-py3-none-any.whl (261 kB)
Downloading rich-13.9.4-py3-none-any.whl (242 kB)
Downloading pygments-2.19.1-py3-none-any.whl (1.2 MB)
   ━━━━━━━━━━━━━━━━━━━━━━━━━━━━━━━━━━━━━━━━ 1.2/1.2 MB 2.6 MB/s  0:00:00
Downloading markdown_it_py-3.0.0-py3-none-any.whl (87 kB)
Downloading mdurl-0.1.2-py3-none-any.whl (10.0 kB)
Using cached setuptools-84.0.0-py3-none-any.whl (818 kB)
Downloading sortedcontainers-2.4.0-py2.py3-none-any.whl (29 kB)
Building wheels for collected packages: jsonpath-rw, ovs, pyperclip, Yappi
  Building wheel for jsonpath-rw (pyproject.toml): started
  Building wheel for jsonpath-rw (pyproject.toml): finished with status 'done'
  Created wheel for jsonpath-rw: filename=jsonpath_rw-1.4.0-py3-none-any.whl size=15175 sha256=8c227fb06ffda248d2e74692c4d93d088fa178e9cd132032a99fb12c896b3ad7
  Stored in directory: /Users/bixenonoff/Library/Caches/pip/wheels/e5/8d/50/ee73263c97069bd6040ff40633d444fefaac7beff73abe81a7
  Building wheel for ovs (pyproject.toml): started
  Building wheel for ovs (pyproject.toml): finished with status 'done'
  Created wheel for ovs: filename=ovs-3.5.0-py3-none-any.whl size=188010 sha256=08d9dcbe11f494c2c1728cca680a24bea1565fd40764ea322e3700e9f4137364
  Stored in directory: /Users/bixenonoff/Library/Caches/pip/wheels/28/cc/27/308aaa54627db394dc9d67538d5dde36f878743507c9367fd9
  Building wheel for pyperclip (pyproject.toml): started
  Building wheel for pyperclip (pyproject.toml): finished with status 'done'
  Created wheel for pyperclip: filename=pyperclip-1.9.0-py3-none-any.whl size=11103 sha256=c6176a4ae99e2344664de8b7a4e2f0e1201912abe761dacd51ba47c3d592d7e5
  Stored in directory: /Users/bixenonoff/Library/Caches/pip/wheels/e0/e8/fc/8ab8aa326e33bc066ccd5f3ca9646eab4299881af933f94f09
  Building wheel for Yappi (pyproject.toml): started
  Building wheel for Yappi (pyproject.toml): finished with status 'done'
  Created wheel for Yappi: filename=yappi-1.6.10-cp312-cp312-macosx_26_0_arm64.whl size=32737 sha256=668b3bb973054ba18429558d2a5c6251e83025aced9dae303808bba0a111e10d
  Stored in directory: /Users/bixenonoff/Library/Caches/pip/wheels/1c/cb/1d/a6eff0d994212966ef11fe56980392a55e364b41a645892683
Successfully built jsonpath-rw ovs pyperclip Yappi
Installing collected packages: wcwidth, statsd, sortedcontainers, requestsexceptions, repoze.lru, pyroute2, pyperclip, ply, gnureadline, extras, ddt, Yappi, wrapt, WebOb, voluptuous, vine, urllib3, tzdata, typing-extensions, tomlkit, tenacity, six, setuptools, rpds-py, rfc3986, redis, PyYAML, pyparsing, PyMySQL, PyJWT, pygments, pyflakes, pycparser, pycodestyle, psycopg2-binary, psutil, prometheus-client, PrettyTable, pluggy, platformdirs, PasteDeploy, packaging, ovs, numpy, netaddr, msgpack, mdurl, mccabe, MarkupSafe, lxml, jsonpointer, jmespath, iso8601, iniconfig, idna, greenlet, fixtures, fasteners, dnspython, decorator, coverage, colorama, cmd2, charset-normalizer, certifi, cachetools, bcrypt, autopage, attrs, wsgi-intercept, testtools, SQLAlchemy, Routes, retrying, requests, referencing, python-dateutil, pytest, pbr, Paste, microversion-parse, markdown-it-py, Mako, jsonpath-rw, jsonpatch, Jinja2, flake8, eventlet, debtcollector, cffi, amqp, testscenarios, testresources, stevedore, rich, requests-mock, python-subunit, pynacl, ovsdbapp, oslo.rootwrap, oslo.i18n, oslo.context, os-traits, os-service-types, os-resource-classes, kombu, jsonschema-specifications, jsonpath-rw-ext, hacking, futurist, cryptography, alembic, pyOpenSSL, paramiko, oslotest, oslo.utils, oslo.config, keystoneauth1, jwcrypto, jsonschema, gabbi, dogpile.cache, cliff, bandit, websockify, warlock, stestr, python-cinderclient, oslo.serialization, oslo.middleware, oslo.db, oslo.concurrency, openstacksdk, tooz, python-keystoneclient, python-glanceclient, python-barbicanclient, pycadf, osprofiler, oslo.reports, oslo.policy, oslo.log, osc-lib, os-client-config, python-neutronclient, oslo.upgradecheck, oslo.service, oslo.privsep, oslo.metrics, oslo.limit, oslo.cache, os-win, castellan, oslo.messaging, os-brick, keystonemiddleware, cursive, oslo.versionedobjects, os-vif

Successfully installed Jinja2-3.1.5 Mako-1.3.9 MarkupSafe-3.0.2 Paste-3.10.1 PasteDeploy-3.1.0 PrettyTable-3.14.0 PyJWT-2.10.1 PyMySQL-1.1.1 PyYAML-6.0.2 Routes-2.5.1 SQLAlchemy-2.0.38 WebOb-1.8.9 Yappi-1.6.10 alembic-1.14.1 amqp-5.3.1 attrs-25.1.0 autopage-0.5.2 bandit-1.9.4 bcrypt-4.0.1 cachetools-5.5.2 castellan-5.2.1 certifi-2026.7.22 cffi-1.17.1 charset-normalizer-3.4.1 cliff-4.9.1 cmd2-2.5.11 colorama-0.4.6 coverage-7.6.12 cryptography-43.0.3 cursive-0.2.3 ddt-1.7.2 debtcollector-3.0.0 decorator-5.1.1 dnspython-2.7.0 dogpile.cache-1.3.4 eventlet-0.39.0 extras-1.0.0 fasteners-0.19 fixtures-4.2.4.post1 flake8-6.1.0 futurist-3.1.0 gabbi-3.1.0 gnureadline-8.3.3 greenlet-3.1.1 hacking-6.1.0 idna-3.10 iniconfig-2.0.0 iso8601-2.1.0 jmespath-1.0.1 jsonpatch-1.33 jsonpath-rw-1.4.0 jsonpath-rw-ext-1.2.2 jsonpointer-3.0.0 jsonschema-4.23.0 jsonschema-specifications-2024.10.1 jwcrypto-1.5.6 keystoneauth1-5.10.0 keystonemiddleware-10.9.1 kombu-5.4.2 lxml-5.3.1 markdown-it-py-3.0.0 mccabe-0.7.0 mdurl-0.1.2 microversion-parse-2.0.0 msgpack-1.1.0 netaddr-1.3.0 numpy-2.2.3 openstacksdk-4.4.0 os-brick-6.11.1 os-client-config-2.1.0 os-resource-classes-1.1.0 os-service-types-1.7.0 os-traits-3.3.0 os-vif-4.1.0 os-win-5.9.0 osc-lib-3.2.0 oslo.cache-3.10.2 oslo.concurrency-7.1.0 oslo.config-9.7.2 oslo.context-5.7.1 oslo.db-17.2.1 oslo.i18n-6.5.1 oslo.limit-2.6.1 oslo.log-7.1.0 oslo.messaging-16.1.2 oslo.metrics-0.11.0 oslo.middleware-6.3.1 oslo.policy-4.5.1 oslo.privsep-3.6.0 oslo.reports-3.5.1 oslo.rootwrap-7.5.1 oslo.serialization-5.7.0 oslo.service-4.1.2 oslo.upgradecheck-2.5.0 oslo.utils-8.2.0 oslo.versionedobjects-3.6.0 oslotest-5.0.0 osprofiler-4.2.0 ovs-3.5.0 ovsdbapp-2.11.0 packaging-24.2 paramiko-3.5.1 pbr-7.0.0 platformdirs-4.3.6 pluggy-1.5.0 ply-3.11 prometheus-client-0.21.1 psutil-7.0.0 psycopg2-binary-2.9.10 pyOpenSSL-24.2.1 pycadf-4.0.1 pycodestyle-2.11.1 pycparser-2.22 pyflakes-3.1.0 pygments-2.19.1 pynacl-1.5.0 pyparsing-3.2.1 pyperclip-1.9.0 pyroute2-0.8.1 pytest-8.3.4 python-barbicanclient-7.1.0 python-cinderclient-9.7.0 python-dateutil-2.9.0.post0 python-glanceclient-4.8.0 python-keystoneclient-5.6.0 python-neutronclient-11.4.1 python-subunit-1.4.4 redis-5.2.1 referencing-0.36.2 repoze.lru-0.7 requests-2.32.3 requests-mock-1.12.1 requestsexceptions-1.4.0 retrying-1.3.4 rfc3986-2.0.0 rich-13.9.4 rpds-py-0.23.1 setuptools-84.0.0 six-1.17.0 sortedcontainers-2.4.0 statsd-4.0.1 stestr-4.1.0 stevedore-5.4.1 tenacity-9.0.0 testresources-2.0.1 testscenarios-0.5.0 testtools-2.7.2 tomlkit-0.13.2 tooz-6.3.0 typing-extensions-4.12.2 tzdata-2025.1 urllib3-1.26.20 vine-5.1.0 voluptuous-0.15.2 warlock-2.0.1 wcwidth-0.2.13 websockify-0.12.0 wrapt-1.17.2 wsgi-intercept-1.13.1
