0001-Make-disk.extend-pass-format-to-qemu-img.patch: upstream patch-id MATCH af6ab1aeed13cb11638d643a8e6ae9c1d39cd010
0002-Strip-internal-_nova-prefixed-scheduler-hints-on-cre.patch: upstream patch-id MATCH 29b345589971e1c4baa4f698cdf4ef27aa4ddc0a
Applying: Make disk.extend() pass format to qemu-img
Applying: Strip internal _nova-prefixed scheduler hints on create
Fresh archive git am: PASS; clean worktree; tree MATCH b9eda8c64d4583280806cf2f91e71d98a57972c2
test_empty_hints (__main__.BackportTests) ... ok
test_entire_reserved_prefix (__main__.BackportTests) ... ok
test_internal_hints_list (__main__.BackportTests) ... ok
test_internal_hints_string (__main__.BackportTests) ... ok
test_no_growth_unchanged (__main__.BackportTests) ... ok
test_none_hints (__main__.BackportTests) ... ok
test_nonlocal_unchanged (__main__.BackportTests) ... ok
test_ploop_unchanged (__main__.BackportTests) ... ok
test_qcow2_format (__main__.BackportTests) ... ok
test_raw_format (__main__.BackportTests) ... ok
test_real_qemu_raw_with_qcow_header (__main__.BackportTests) ... ok
test_regular_and_unknown_hints (__main__.BackportTests) ... ok
test_unsupported_format_rejected_before_execute (__main__.BackportTests) ... ok
test_vmdk_already_rejected_by_model (__main__.BackportTests) ... ok

----------------------------------------------------------------------
Ran 14 tests in 0.398s

OK

