patching file 'scripts/postinstall.js'
patching file 'src/dev/build/tasks/install_dependencies_task.ts'
patching file 'scripts/security_backports/apply.cjs'
patching file 'scripts/security_backports/01-js-yaml.json'
patching file 'scripts/postinstall.js'
patching file 'src/dev/build/tasks/install_dependencies_task.ts'
patching file 'scripts/security_backports/apply.cjs'
patching file 'scripts/security_backports/01-js-yaml.json'
patching file 'scripts/security_backports/02-lodash.json'
patching file 'scripts/security_backports/02-lodash.json'
patching file 'scripts/security_backports/03-nanoid.json'
patching file 'scripts/security_backports/03-nanoid.json'
patching file 'scripts/security_backports/04-decode-uri-component.json'
patching file 'scripts/security_backports/04-decode-uri-component.json'
patching file 'scripts/security_backports/05-qs.json'
patching file 'scripts/security_backports/05-qs.json'
PASS forward application, unchanged manifests/lockfile/Node version
patching file 'scripts/security_backports/05-qs.json'
patching file 'scripts/security_backports/04-decode-uri-component.json'
patching file 'scripts/security_backports/03-nanoid.json'
patching file 'scripts/security_backports/02-lodash.json'
patching file 'scripts/postinstall.js'
patching file 'src/dev/build/tasks/install_dependencies_task.ts'
patching file 'scripts/security_backports/apply.cjs'
patching file 'scripts/security_backports/01-js-yaml.json'
PASS reverse application restores original files
patching file 'scripts/postinstall.js'
patching file 'src/dev/build/tasks/install_dependencies_task.ts'
patching file 'scripts/security_backports/apply.cjs'
patching file 'scripts/security_backports/01-js-yaml.json'
patching file 'scripts/security_backports/02-lodash.json'
patching file 'scripts/security_backports/03-nanoid.json'
patching file 'scripts/security_backports/04-decode-uri-component.json'
patching file 'scripts/security_backports/05-qs.json'
PASS reapplication; patched verification tree retained at .security-work/extra/series-check
